Copyright 1986-2019 Xilinx, Inc. All Rights Reserved.
--------------------------------------------------------------------------------------------------------------------------------------------------------------------------------
| Tool Version : Vivado v.2019.1 (win64) Build 2552052 Fri May 24 14:49:42 MDT 2019
| Date         : Thu May  5 18:08:06 2022
| Host         : Mongoose_Razer running 64-bit major release  (build 9200)
| Command      : report_methodology -file top_ultrasonic_methodology_drc_routed.rpt -pb top_ultrasonic_methodology_drc_routed.pb -rpx top_ultrasonic_methodology_drc_routed.rpx
| Design       : top_ultrasonic
| Device       : xc7z020clg400-3
| Speed File   : -3
| Design State : Fully Routed
--------------------------------------------------------------------------------------------------------------------------------------------------------------------------------

Report Methodology

Table of Contents
-----------------
1. REPORT SUMMARY
2. REPORT DETAILS

1. REPORT SUMMARY
-----------------
            Netlist: netlist
          Floorplan: design_1
      Design limits: <entire design considered>
             Max violations: <unlimited>
             Violations found: 1
+---------+----------+------------------------------+------------+
| Rule    | Severity | Description                  | Violations |
+---------+----------+------------------------------+------------+
| LUTAR-1 | Warning  | LUT drives async reset alert | 1          |
+---------+----------+------------------------------+------------+

2. REPORT DETAILS
-----------------
LUTAR-1#1 Warning
LUT drives async reset alert  
LUT cell measurement_sys1/cnt_500Ms[25]_i_3, with 2 or more inputs, drives asynchronous preset/clear pin(s) display_sys1/cnt_reg[0]/CLR, display_sys1/cnt_reg[10]/CLR, display_sys1/cnt_reg[11]/CLR, display_sys1/cnt_reg[12]/CLR, display_sys1/cnt_reg[13]/CLR, display_sys1/cnt_reg[14]/CLR, display_sys1/cnt_reg[15]/CLR, display_sys1/cnt_reg[16]/CLR, display_sys1/cnt_reg[17]/CLR, display_sys1/cnt_reg[1]/CLR, display_sys1/cnt_reg[2]/CLR, display_sys1/cnt_reg[3]/CLR, display_sys1/cnt_reg[4]/CLR, display_sys1/cnt_reg[5]/CLR, display_sys1/cnt_reg[6]/CLR (the first 15 of 103 listed). The LUT may glitch and trigger an unexpected reset, even if it is a properly timed path.
Related violations: <none>


