#-----------------------------------------------------------
# Vivado v2019.1 (64-bit)
# SW Build 2552052 on Fri May 24 14:49:42 MDT 2019
# IP Build 2548770 on Fri May 24 18:01:18 MDT 2019
# Start of session at: Sat Apr 16 16:42:36 2022
# Process ID: 6792
# Current directory: C:/Users/smn90/Desktop/Ultrasonic/v1.1/Vivado/Ultrasonicv2.0
# Command line: vivado.exe -gui_launcher_event rodinguilauncherevent11744 C:\Users\smn90\Desktop\Ultrasonic\v1.1\Vivado\Ultrasonicv2.0\Ultrasonicv2.0.xpr
# Log file: C:/Users/smn90/Desktop/Ultrasonic/v1.1/Vivado/Ultrasonicv2.0/vivado.log
# Journal file: C:/Users/smn90/Desktop/Ultrasonic/v1.1/Vivado/Ultrasonicv2.0\vivado.jou
#-----------------------------------------------------------
start_gui
open_project C:/Users/smn90/Desktop/Ultrasonic/v1.1/Vivado/Ultrasonicv2.0/Ultrasonicv2.0.xpr
update_compile_order -fileset sources_1
synth_design -rtl -name rtl_1
place_ports sys_rst Y18
set_property IOSTANDARD LVCMOS33 [get_ports [list sys_rst]]
set_property IOSTANDARD LVCMOS33 [get_ports [list {sel_bit[3]} {sel_bit[2]} {sel_bit[1]} {sel_bit[0]}]]
set_property IOSTANDARD LVCMOS33 [get_ports [list {sel_duan[6]} {sel_duan[5]} {sel_duan[4]} {sel_duan[3]} {sel_duan[2]} {sel_duan[1]} {sel_duan[0]}]]
set_property package_pin "" [get_ports [list  {sel_duan[5]}]]
set_property package_pin "" [get_ports [list  {sel_bit[3]}]]
set_property package_pin "" [get_ports [list  {sel_duan[6]}]]
place_ports {sel_bit[3]} R19
place_ports {sel_bit[2]} V20
place_ports {sel_bit[1]} N18
place_ports {sel_bit[0]} R17
place_ports {sel_duan[6]} R16
place_ports {sel_duan[5]} T15
place_ports {sel_duan[4]} T16
place_ports {sel_duan[3]} T20
place_ports {sel_duan[2]} U17
place_ports {sel_duan[1]} U20
place_ports {sel_duan[0]} P19
save_constraints
reorder_files -fileset constrs_2 -before C:/Users/smn90/Desktop/Ultrasonic/v1.1/Vivado/Ultrasonicv2.0/Ultrasonicv2.0.srcs/constrs_2/new/nnn.xdc C:/Users/smn90/Desktop/Ultrasonic/v1.1/Vivado/Ultrasonicv2.0/Ultrasonicv2.0.srcs/constrs_2/new/nnn.xdc
reset_run synth_1
launch_runs impl_1 -to_step write_bitstream -jobs 12
wait_on_run impl_1
refresh_design
reset_run synth_1
launch_runs impl_1 -to_step write_bitstream -jobs 12
wait_on_run impl_1
open_hw
connect_hw_server
open_hw_target
set_property PROGRAM.FILE {C:/Users/smn90/Desktop/Ultrasonic/v1.1/Vivado/Ultrasonicv2.0/Ultrasonicv2.0.runs/impl_1/top_ultrasonic.bit} [get_hw_devices xc7z020_1]
current_hw_device [get_hw_devices xc7z020_1]
refresh_hw_device -update_hw_probes false [lindex [get_hw_devices xc7z020_1] 0]
set_property PROBES.FILE {} [get_hw_devices xc7z020_1]
set_property FULL_PROBES.FILE {} [get_hw_devices xc7z020_1]
set_property PROGRAM.FILE {C:/Users/smn90/Desktop/Ultrasonic/v1.1/Vivado/Ultrasonicv2.0/Ultrasonicv2.0.runs/impl_1/top_ultrasonic.bit} [get_hw_devices xc7z020_1]
program_hw_devices [get_hw_devices xc7z020_1]
refresh_hw_device [lindex [get_hw_devices xc7z020_1] 0]
