#-----------------------------------------------------------
# Vivado v2019.1 (64-bit)
# SW Build 2552052 on Fri May 24 14:49:42 MDT 2019
# IP Build 2548770 on Fri May 24 18:01:18 MDT 2019
# Start of session at: Thu May  5 18:16:58 2022
# Process ID: 11716
# Current directory: C:/Users/smn90/Desktop/Ultrasonic/v1.1/Vivado/Ultrasonicv2.0
# Command line: vivado.exe -gui_launcher_event rodinguilauncherevent4332 C:\Users\smn90\Desktop\Ultrasonic\v1.1\Vivado\Ultrasonicv2.0\Ultrasonicv2.0.xpr
# Log file: C:/Users/smn90/Desktop/Ultrasonic/v1.1/Vivado/Ultrasonicv2.0/vivado.log
# Journal file: C:/Users/smn90/Desktop/Ultrasonic/v1.1/Vivado/Ultrasonicv2.0\vivado.jou
#-----------------------------------------------------------
start_gui
open_project C:/Users/smn90/Desktop/Ultrasonic/v1.1/Vivado/Ultrasonicv2.0/Ultrasonicv2.0.xpr
update_compile_order -fileset sources_1
reset_run impl_1 -prev_step 
launch_runs impl_1 -to_step write_bitstream -jobs 12
wait_on_run impl_1
open_hw
connect_hw_server
open_hw_target
set_property PROGRAM.FILE {C:/Users/smn90/Desktop/Ultrasonic/v1.1/Vivado/Ultrasonicv2.0/Ultrasonicv2.0.runs/impl_1/top_ultrasonic.bit} [get_hw_devices xc7z020_1]
current_hw_device [get_hw_devices xc7z020_1]
refresh_hw_device -update_hw_probes false [lindex [get_hw_devices xc7z020_1] 0]
set_property PROBES.FILE {} [get_hw_devices xc7z020_1]
set_property FULL_PROBES.FILE {} [get_hw_devices xc7z020_1]
set_property PROGRAM.FILE {C:/Users/smn90/Desktop/Ultrasonic/v1.1/Vivado/Ultrasonicv2.0/Ultrasonicv2.0.runs/impl_1/top_ultrasonic.bit} [get_hw_devices xc7z020_1]
program_hw_devices [get_hw_devices xc7z020_1]
refresh_hw_device [lindex [get_hw_devices xc7z020_1] 0]
